<?xml version="1.0" encoding="utf-8"?><testsuites name="pytest tests"><testsuite name="pytest" errors="0" failures="0" skipped="0" tests="192" time="256.032" timestamp="2025-10-23T11:31:06.393607+03:30" hostname="devbox"><testcase classname="blog.test_blog.BlogAPITests" name="test_create_comment" time="11.657" /><testcase classname="blog.test_blog.BlogAPITests" name="test_create_post" time="1.782" /><testcase classname="blog.test_blog.BlogAPITests" name="test_create_post_with_image" time="1.934" /><testcase classname="blog.test_blog.BlogAPITests" name="test_create_reply_to_comment" time="2.066" /><testcase classname="blog.test_blog.BlogAPITests" name="test_delete_comment_by_author" time="2.185" /><testcase classname="blog.test_blog.BlogAPITests" name="test_delete_comment_by_other_user" time="2.667" /><testcase classname="blog.test_blog.BlogAPITests" name="test_delete_post_by_author" time="2.309" /><testcase classname="blog.test_blog.BlogAPITests" name="test_delete_post_by_other_user" time="1.692" /><testcase classname="blog.test_blog.BlogAPITests" name="test_duplicate_report_comment" time="1.703" /><testcase classname="blog.test_blog.BlogAPITests" name="test_edit_comment_by_author_outside_time_limit" time="1.696" /><testcase classname="blog.test_blog.BlogAPITests" name="test_edit_comment_by_author_within_time_limit" time="1.714" /><testcase classname="blog.test_blog.BlogAPITests" name="test_list_categories" time="1.717" /><testcase classname="blog.test_blog.BlogAPITests" name="test_list_posts" time="1.839" /><testcase classname="blog.test_blog.BlogAPITests" name="test_list_tags" time="1.786" /><testcase classname="blog.test_blog.BlogAPITests" name="test_react_to_comment_add" time="1.712" /><testcase classname="blog.test_blog.BlogAPITests" name="test_react_to_comment_change" time="1.708" /><testcase classname="blog.test_blog.BlogAPITests" name="test_react_to_comment_invalid_type" time="1.692" /><testcase classname="blog.test_blog.BlogAPITests" name="test_react_to_comment_remove" time="1.704" /><testcase classname="blog.test_blog.BlogAPITests" name="test_related_posts" time="1.716" /><testcase classname="blog.test_blog.BlogAPITests" name="test_report_comment" time="1.702" /><testcase classname="blog.test_blog.BlogAPITests" name="test_report_own_comment" time="1.700" /><testcase classname="blog.test_blog.BlogAPITests" name="test_retrieve_post" time="1.738" /><testcase classname="blog.test_blog.BlogAPITests" name="test_sort_comments_by_most_popular" time="1.713" /><testcase classname="blog.test_blog.BlogAPITests" name="test_sort_comments_by_newest" time="1.708" /><testcase classname="blog.test_blog.BlogAPITests" name="test_update_post_by_author" time="1.717" /><testcase classname="blog.test_blog.BlogAPITests" name="test_update_post_by_other_user" time="1.690" /><testcase classname="notifications.test_notifications.NotificationModelTests" name="test_notification_creation" time="0.874" /><testcase classname="notifications.test_notifications.NotificationTaskTests" name="test_send_email_notification" time="1.706" /><testcase classname="notifications.test_notifications.NotificationTaskTests" name="test_send_sms_notification_for_tournament" time="1.691" /><testcase classname="notifications.test_notifications.NotificationTaskTests" name="test_send_sms_notification_with_code" time="1.686" /><testcase classname="notifications.test_notifications.NotificationTaskTests" name="test_send_tournament_credentials" time="1.692" /><testcase classname="reporting.test_reporting.ReportingServiceTests" name="test_generate_financial_report" time="2.539" /><testcase classname="reporting.test_reporting.ReportingServiceTests" name="test_generate_marketing_report" time="0.007" /><testcase classname="reporting.test_reporting.ReportingServiceTests" name="test_generate_players_report" time="0.008" /><testcase classname="reporting.test_reporting.ReportingServiceTests" name="test_generate_revenue_report" time="0.013" /><testcase classname="reporting.test_reporting.ReportingServiceTests" name="test_generate_tournament_report" time="0.014" /><testcase classname="reporting.test_reporting.ReportingAPITests" name="test_api_permissions" time="1.693" /><testcase classname="reporting.test_reporting.ReportingAPITests" name="test_csv_export" time="1.687" /><testcase classname="reporting.test_reporting.ReportingAPITests" name="test_statistics_endpoint_is_public" time="1.720" /><testcase classname="rewards.test_rewards.RewardModelTests" name="test_reward_creation" time="1.015" /><testcase classname="rewards.test_rewards.WheelViewSetTests" name="test_list_wheels" time="3.075" /><testcase classname="rewards.test_rewards.WheelViewSetTests" name="test_spin_already_spun" time="2.575" /><testcase classname="rewards.test_rewards.WheelViewSetTests" name="test_spin_insufficient_rank" time="2.573" /><testcase classname="rewards.test_rewards.WheelViewSetTests" name="test_spin_success_exact_rank" time="2.580" /><testcase classname="rewards.test_rewards.WheelViewSetTests" name="test_spin_success_higher_rank" time="2.585" /><testcase classname="rewards.test_rewards.WheelViewSetTests" name="test_spin_unauthenticated" time="2.568" /><testcase classname="support.test_support.SupportTicketModelTests" name="test_ticket_creation" time="0.845" /><testcase classname="tests.integration.test_rewards_views.TestWheelViewSet" name="test_spin_wheel_success" time="0.037" /><testcase classname="tests.integration.test_rewards_views.TestWheelViewSet" name="test_spin_wheel_already_spun" time="0.029" /><testcase classname="tests.integration.test_rewards_views.TestWheelViewSet" name="test_spin_wheel_insufficient_rank" time="0.029" /><testcase classname="tests.integration.test_rewards_views.TestWheelViewSet" name="test_spin_wheel_no_prizes" time="0.027" /><testcase classname="tests.integration.test_rewards_views.TestWheelViewSet" name="test_list_wheels_unauthenticated" time="0.010" /><testcase classname="tests.integration.test_tournaments_api.TestTournamentViewSet" name="test_list_tournaments_unauthenticated" time="0.030" /><testcase classname="tests.integration.test_tournaments_api.TestTournamentViewSet" name="test_list_tournaments_authenticated" time="0.034" /><testcase classname="tests.integration.test_tournaments_api.TestTournamentViewSet" name="test_create_tournament_by_admin" time="0.026" /><testcase classname="tests.integration.test_tournaments_api.TestTournamentViewSet" name="test_create_tournament_by_non_admin_fails" time="0.019" /><testcase classname="tests.integration.test_tournaments_api.TestTournamentViewSet" name="test_join_individual_tournament" time="0.032" /><testcase classname="tests.integration.test_tournaments_api.TestTournamentViewSet" name="test_join_team_tournament" time="0.043" /><testcase classname="tests.integration.test_tournaments_services.TestJoinTournament" name="test_join_individual_tournament_success" time="0.020" /><testcase classname="tests.integration.test_tournaments_services.TestJoinTournament" name="test_join_tournament_is_full" time="0.052" /><testcase classname="tests.integration.test_tournaments_services.TestJoinTournament" name="test_join_tournament_insufficient_verification" time="0.021" /><testcase classname="tests.integration.test_tournaments_services.TestJoinTournament" name="test_join_tournament_insufficient_funds" time="0.021" /><testcase classname="tests.integration.test_tournaments_services.TestJoinTournament" name="test_join_team_tournament_success" time="0.043" /><testcase classname="tests.integration.test_tournaments_services.TestMatchProgression" name="test_generate_matches_success" time="0.047" /><testcase classname="tests.integration.test_tournaments_services.TestMatchProgression" name="test_generate_matches_not_enough_participants" time="0.011" /><testcase classname="tests.integration.test_tournaments_services.TestMatchProgression" name="test_confirm_result_and_advance_round" time="0.076" /><testcase classname="tests.integration.test_users_services.TestOTPService" name="test_send_otp_via_phone" time="0.021" /><testcase classname="tests.integration.test_users_services.TestOTPService" name="test_send_otp_via_email" time="0.017" /><testcase classname="tests.integration.test_users_services.TestOTPService" name="test_verify_otp_success" time="0.121" /><testcase classname="tests.integration.test_users_services.TestOTPService" name="test_verify_otp_expired" time="0.134" /><testcase classname="tests.integration.test_users_services.TestOTPService" name="test_verify_otp_invalid_code" time="0.019" /><testcase classname="tests.integration.test_users_services.TestTeamManagementService" name="test_invite_member_success" time="0.037" /><testcase classname="tests.integration.test_users_services.TestTeamManagementService" name="test_invite_member_not_captain" time="0.033" /><testcase classname="tests.integration.test_users_services.TestTeamManagementService" name="test_respond_to_invitation_accept" time="0.037" /><testcase classname="tests.integration.test_users_services.TestTeamManagementService" name="test_leave_team_success" time="0.027" /><testcase classname="tests.integration.test_users_services.TestTeamManagementService" name="test_captain_cannot_leave_team" time="0.025" /><testcase classname="tests.integration.test_users_services.TestTeamManagementService" name="test_captain_remove_member_success" time="0.028" /><testcase classname="tests.integration.test_wallet_api.TestWalletAPI" name="test_get_wallet_balance" time="0.024" /><testcase classname="tests.integration.test_wallet_views.TestDepositAPIView" name="test_create_deposit_success" time="0.025" /><testcase classname="tests.integration.test_wallet_views.TestDepositAPIView" name="test_create_deposit_gateway_fails" time="0.022" /><testcase classname="tests.integration.test_wallet_views.TestDepositAPIView" name="test_create_deposit_unauthenticated" time="0.008" /><testcase classname="tests.integration.test_wallet_views.TestDepositAPIView" name="test_create_deposit_invalid_amount" time="0.017" /><testcase classname="tests.integration.test_wallet_views.TestVerifyDepositAPIView" name="test_verify_deposit_success" time="0.031" /><testcase classname="tests.integration.test_wallet_views.TestVerifyDepositAPIView" name="test_verify_deposit_user_canceled" time="0.021" /><testcase classname="tests.integration.test_wallet_views.TestVerifyDepositAPIView" name="test_verify_deposit_gateway_verification_fails" time="0.022" /><testcase classname="tests.integration.test_wallet_views.TestVerifyDepositAPIView" name="test_verify_deposit_already_verified_race_condition" time="0.026" /><testcase classname="tests.integration.test_wallet_views.TestVerifyDepositAPIView" name="test_verify_deposit_transaction_not_found" time="0.009" /><testcase classname="tests.unit.test_tournaments_models" name="test_tournament_creation" time="0.006" /><testcase classname="tests.unit.test_tournaments_models" name="test_end_date_before_start_date_fails" time="0.006" /><testcase classname="tests.unit.test_tournaments_models" name="test_paid_tournament_requires_entry_fee" time="0.006" /><testcase classname="users.test_users.UserModelTests" name="test_default_role_assignment" time="0.856" /><testcase classname="users.test_users.UserModelTests" name="test_phone_number_uniqueness" time="1.676" /><testcase classname="users.test_users.UserModelTests" name="test_update_rank" time="0.854" /><testcase classname="users.test_users.UserModelTests" name="test_user_creation" time="1.675" /><testcase classname="users.test_users.TeamModelTests" name="test_team_creation" time="0.844" /><testcase classname="users.test_users.TeamModelTests" name="test_user_team_limit" time="1.710" /><testcase classname="users.test_users.UserViewSetTests" name="test_create_user" time="2.719" /><testcase classname="users.test_users.UserViewSetTests" name="test_list_users_authenticated" time="2.554" /><testcase classname="users.test_users.UserViewSetTests" name="test_list_users_unauthenticated" time="2.562" /><testcase classname="users.test_users.UserViewSetTests" name="test_retrieve_other_details_succeeds" time="2.530" /><testcase classname="users.test_users.UserViewSetTests" name="test_retrieve_own_details" time="2.535" /><testcase classname="users.test_users.UserViewSetTests" name="test_send_otp_success" time="2.616" /><testcase classname="users.test_users.UserViewSetTests" name="test_update_other_details_fails" time="2.614" /><testcase classname="users.test_users.UserViewSetTests" name="test_update_own_details" time="2.555" /><testcase classname="users.test_users.UserViewSetTests" name="test_verify_otp_expired" time="2.615" /><testcase classname="users.test_users.UserViewSetTests" name="test_verify_otp_invalid_code" time="2.537" /><testcase classname="users.test_users.UserViewSetTests" name="test_verify_otp_success" time="2.575" /><testcase classname="users.test_users.TeamViewSetTests" name="test_create_team" time="2.760" /><testcase classname="users.test_users.TeamViewSetTests" name="test_invite_member_by_captain" time="2.702" /><testcase classname="users.test_users.TeamViewSetTests" name="test_invite_member_by_non_captain_fails" time="2.565" /><testcase classname="users.test_users.TeamViewSetTests" name="test_list_teams_authenticated" time="2.541" /><testcase classname="users.test_users.TeamViewSetTests" name="test_list_teams_unauthenticated" time="2.540" /><testcase classname="users.test_users.TeamViewSetTests" name="test_respond_invitation_accept" time="2.544" /><testcase classname="users.test_users.TeamViewSetTests" name="test_respond_invitation_reject" time="2.529" /><testcase classname="users.test_users.TeamViewSetTests" name="test_update_team_by_captain" time="2.536" /><testcase classname="users.test_users.TeamViewSetTests" name="test_update_team_by_non_captain_fails" time="2.532" /><testcase classname="users.test_users.UserServicesTests" name="test_invite_member_service_already_member_fails" time="2.531" /><testcase classname="users.test_users.UserServicesTests" name="test_invite_member_service_not_captain_fails" time="2.524" /><testcase classname="users.test_users.UserServicesTests" name="test_invite_member_service_success" time="2.529" /><testcase classname="users.test_users.UserServicesTests" name="test_leave_team_service_captain_fails" time="2.522" /><testcase classname="users.test_users.UserServicesTests" name="test_leave_team_service_success" time="2.525" /><testcase classname="users.test_users.UserServicesTests" name="test_remove_member_service_not_captain_fails" time="2.522" /><testcase classname="users.test_users.UserServicesTests" name="test_remove_member_service_success" time="2.525" /><testcase classname="users.test_users.UserServicesTests" name="test_respond_to_invitation_accept_success" time="2.522" /><testcase classname="users.test_users.MatchHistoryAPITests" name="test_get_team_match_history_authenticated" time="2.541" /><testcase classname="users.test_users.MatchHistoryAPITests" name="test_get_team_match_history_unauthenticated" time="2.527" /><testcase classname="users.test_users.MatchHistoryAPITests" name="test_get_user_match_history_authenticated" time="2.557" /><testcase classname="users.test_users.MatchHistoryAPITests" name="test_get_user_match_history_unauthenticated" time="2.795" /><testcase classname="users.test_users.DashboardViewTests" name="test_get_dashboard_authenticated" time="0.869" /><testcase classname="users.test_users.DashboardViewTests" name="test_get_dashboard_unauthenticated" time="0.853" /><testcase classname="verification.test_verification.VerificationModelTests" name="test_verification_creation" time="0.936" /><testcase classname="verification.test_verification.VerificationViewTests" name="test_admin_approve_verification_success" time="1.894" /><testcase classname="verification.test_verification.VerificationViewTests" name="test_admin_reject_verification" time="1.687" /><testcase classname="verification.test_verification.VerificationViewTests" name="test_non_admin_cannot_update_verification" time="1.861" /><testcase classname="verification.test_verification.VerificationViewTests" name="test_resubmit_level2_when_already_verified_fails" time="1.688" /><testcase classname="verification.test_verification.VerificationViewTests" name="test_submit_level2_missing_images_fails" time="1.686" /><testcase classname="verification.test_verification.VerificationViewTests" name="test_submit_level2_verification_success" time="1.713" /><testcase classname="verification.test_verification.VerificationViewTests" name="test_submit_level2_verification_unauthenticated" time="1.684" /><testcase classname="verification.test_verification.VerificationViewTests" name="test_submit_level3_missing_video_fails" time="1.685" /><testcase classname="verification.test_verification.VerificationViewTests" name="test_submit_level3_not_level2_verified_fails" time="1.686" /><testcase classname="verification.test_verification.VerificationViewTests" name="test_submit_level3_success" time="1.690" /><testcase classname="wallet.test_wallet.WalletSignalTests" name="test_wallet_is_created_for_new_user" time="0.848" /><testcase classname="wallet.test_wallet.WalletServiceTests" name="test_deposit_updates_balance_correctly" time="0.937" /><testcase classname="wallet.test_wallet.WalletServiceTests" name="test_entry_fee_updates_balance_correctly" time="0.936" /><testcase classname="wallet.test_wallet.WalletServiceTests" name="test_multiple_transactions_are_handled_correctly" time="1.018" /><testcase classname="wallet.test_wallet.WalletServiceTests" name="test_prize_updates_balance_correctly" time="0.935" /><testcase classname="wallet.test_wallet.WalletServiceTests" name="test_withdrawal_fails_if_amount_is_less_than_minimum" time="0.843" /><testcase classname="wallet.test_wallet.WalletServiceTests" name="test_withdrawal_fails_if_within_24_hours_of_last_withdrawal" time="0.849" /><testcase classname="wallet.test_wallet.WalletServiceTests" name="test_withdrawal_insufficient_funds" time="0.848" /><testcase classname="wallet.test_wallet.WalletServiceTests" name="test_withdrawal_updates_balance_correctly" time="0.848" /><testcase classname="wallet.test_wallet.WalletViewSetTests" name="test_cannot_get_other_user_wallet_details" time="1.949" /><testcase classname="wallet.test_wallet.WalletViewSetTests" name="test_get_own_wallet_details" time="0.996" /><testcase classname="wallet.test_wallet.WalletViewSetTests" name="test_get_wallet_details_unauthorized" time="0.985" /><testcase classname="wallet.test_wallet.DepositAPITests" name="test_deposit_request_successful" time="0.921" /><testcase classname="wallet.test_wallet.DepositAPITests" name="test_deposit_request_zibal_error" time="0.852" /><testcase classname="wallet.test_wallet.VerifyDepositAPITests" name="test_verify_deposit_failed_bad_result" time="0.852" /><testcase classname="wallet.test_wallet.VerifyDepositAPITests" name="test_verify_deposit_failed_by_user_cancellation" time="0.904" /><testcase classname="wallet.test_wallet.VerifyDepositAPITests" name="test_verify_deposit_successful" time="0.941" /><testcase classname="wallet.tests.test_payment.PaymentAPITestCase" name="test_deposit_invalid_amount" time="1.881" /><testcase classname="wallet.tests.test_payment.PaymentAPITestCase" name="test_deposit_success" time="1.982" /><testcase classname="wallet.tests.test_payment.PaymentAPITestCase" name="test_verify_deposit_failed_by_user_cancellation" time="1.887" /><testcase classname="wallet.tests.test_payment.PaymentAPITestCase" name="test_verify_deposit_failed_from_zibal" time="1.960" /><testcase classname="wallet.tests.test_payment.PaymentAPITestCase" name="test_verify_deposit_success" time="2.034" /><testcase classname="wallet.tests.test_payment.PaymentAPITestCase" name="test_verify_deposit_transaction_not_found" time="2.122" /><testcase classname="wallet.tests.test_payment.PaymentAPITestCase" name="test_withdraw_insufficient_funds" time="2.077" /><testcase classname="wallet.tests.test_payment.PaymentAPITestCase" name="test_withdraw_invalid_amount" time="2.039" /><testcase classname="wallet.tests.test_payment.PaymentAPITestCase" name="test_withdraw_success" time="2.061" /><testcase classname="wallet.tests.test_services.ZibalServiceTestCase" name="test_create_payment_failure" time="0.977" /><testcase classname="wallet.tests.test_services.ZibalServiceTestCase" name="test_create_payment_network_error" time="1.009" /><testcase classname="wallet.tests.test_services.ZibalServiceTestCase" name="test_create_payment_success" time="1.012" /><testcase classname="wallet.tests.test_services.ZibalServiceTestCase" name="test_generate_payment_url" time="1.007" /><testcase classname="wallet.tests.test_services.ZibalServiceTestCase" name="test_inquiry_payment_success" time="1.011" /><testcase classname="wallet.tests.test_services.ZibalServiceTestCase" name="test_verify_payment_success" time="1.010" /><testcase classname="wallet.tests.test_services.ProcessTransactionTestCase" name="test_process_failed_withdrawal_insufficient_funds" time="1.015" /><testcase classname="wallet.tests.test_services.ProcessTransactionTestCase" name="test_process_successful_deposit" time="1.109" /><testcase classname="wallet.tests.test_services.ProcessTokenTransactionTestCase" name="test_process_failed_token_spent_insufficient_funds" time="1.159" /><testcase classname="wallet.tests.test_services.ProcessTokenTransactionTestCase" name="test_process_failed_withdrawal_frequency" time="1.024" /><testcase classname="wallet.tests.test_services.ProcessTokenTransactionTestCase" name="test_process_failed_withdrawal_minimum_amount" time="0.936" /><testcase classname="wallet.tests.test_services.ProcessTokenTransactionTestCase" name="test_process_invalid_token_transaction_type" time="0.951" /><testcase classname="wallet.tests.test_services.ProcessTokenTransactionTestCase" name="test_process_successful_token_earned" time="0.894" /><testcase classname="wallet.tests.test_services.ProcessTokenTransactionTestCase" name="test_process_successful_token_spent" time="0.887" /><testcase classname="tests.integration.test_chat_consumers.TestChatConsumer" name="test_connect_authenticated" time="0.239" /><testcase classname="tests.integration.test_chat_consumers.TestChatConsumer" name="test_connect_unauthenticated" time="0.183" /><testcase classname="tests.integration.test_chat_consumers.TestChatConsumer" name="test_receive_chat_message" time="0.241" /><testcase classname="tests.integration.test_chat_consumers.TestChatConsumer" name="test_edit_message" time="0.215" /><testcase classname="tests.integration.test_chat_consumers.TestChatConsumer" name="test_delete_message" time="0.202" /><testcase classname="tests.integration.test_chat_consumers.TestChatConsumer" name="test_typing_indicator" time="0.176" /><testcase classname="wallet.test_wallet.PaymentSerializerTests" name="test_amount_exceeding_digit_limit_returns_error" time="0.004" /><testcase classname="wallet.test_wallet.PaymentSerializerTests" name="test_amount_with_decimal_digits_within_limit_is_valid" time="0.002" /><testcase classname="wallet.test_wallet.PaymentSerializerTests" name="test_amount_with_ten_digits_is_valid" time="0.003" /><testcase classname="wallet.test_wallet.ZibalServiceTests" name="test_create_payment_successful" time="0.004" /><testcase classname="wallet.test_wallet.ZibalServiceTests" name="test_verify_payment_successful" time="0.008" /></testsuite></testsuites>